This is pdfTeX, Version 3.141592653-2.6-1.40.29 (TeX Live 2026) (preloaded format=pdflatex)
 restricted \write18 enabled.
entering extended mode
(./vbfc_paper_full.tex
LaTeX2e <2026-06-01>
L3 programming layer <2026-07-20>
(c:/texlive/texmf-dist/tex/latex/base/article.cls
Document Class: article 2025/01/22 v1.4n Standard LaTeX document class
(c:/texlive/texmf-dist/tex/latex/base/size11.clo))
(c:/texlive/texmf-dist/tex/latex/base/inputenc.sty)
(c:/texlive/texmf-dist/tex/latex/base/fontenc.sty)
(c:/texlive/texmf-dist/tex/latex/amsmath/amsmath.sty
For additional information on amsmath, use the `?' option.
(c:/texlive/texmf-dist/tex/latex/amsmath/amstext.sty
(c:/texlive/texmf-dist/tex/latex/amsmath/amsgen.sty))
(c:/texlive/texmf-dist/tex/latex/amsmath/amsbsy.sty)
(c:/texlive/texmf-dist/tex/latex/amsmath/amsopn.sty))
(c:/texlive/texmf-dist/tex/latex/amsfonts/amssymb.sty
(c:/texlive/texmf-dist/tex/latex/amsfonts/amsfonts.sty))
(c:/texlive/texmf-dist/tex/latex/amscls/amsthm.sty)
(c:/texlive/texmf-dist/tex/latex/mathtools/mathtools.sty
(c:/texlive/texmf-dist/tex/latex/graphics/keyval.sty)
(c:/texlive/texmf-dist/tex/latex/tools/calc.sty)
(c:/texlive/texmf-dist/tex/latex/mathtools/mhsetup.sty))
(c:/texlive/texmf-dist/tex/latex/graphics/graphicx.sty
(c:/texlive/texmf-dist/tex/latex/graphics/graphics.sty
(c:/texlive/texmf-dist/tex/latex/graphics/trig.sty)
(c:/texlive/texmf-dist/tex/latex/graphics-cfg/graphics.cfg)
(c:/texlive/texmf-dist/tex/latex/graphics-def/pdftex.def)))
(c:/texlive/texmf-dist/tex/latex/booktabs/booktabs.sty)
(c:/texlive/texmf-dist/tex/latex/tools/array.sty)
(c:/texlive/texmf-dist/tex/latex/multirow/multirow.sty)
(c:/texlive/texmf-dist/tex/latex/tools/multicol.sty)
(c:/texlive/texmf-dist/tex/latex/caption/caption.sty
(c:/texlive/texmf-dist/tex/latex/caption/caption3.sty))
(c:/texlive/texmf-dist/tex/latex/caption/subcaption.sty)
(c:/texlive/texmf-dist/tex/latex/float/float.sty)
(c:/texlive/texmf-dist/tex/latex/tools/longtable.sty)
(c:/texlive/texmf-dist/tex/latex/algorithms/algorithm.sty
(c:/texlive/texmf-dist/tex/latex/base/ifthen.sty))
(c:/texlive/texmf-dist/tex/latex/algorithmicx/algpseudocode.sty
(c:/texlive/texmf-dist/tex/latex/algorithmicx/algorithmicx.sty
Document Style algorithmicx 1.2 - a greatly improved `algorithmic' style
)
Document Style - pseudocode environments for use with the `algorithmicx' style
) (c:/texlive/texmf-dist/tex/latex/siunitx/siunitx.sty)
(c:/texlive/texmf-dist/tex/latex/tools/xspace.sty)
(c:/texlive/texmf-dist/tex/latex/url/url.sty)
(c:/texlive/texmf-dist/tex/latex/hyperref/hyperref.sty
(c:/texlive/texmf-dist/tex/generic/iftex/iftex.sty)
(c:/texlive/texmf-dist/tex/latex/kvsetkeys/kvsetkeys.sty)
(c:/texlive/texmf-dist/tex/generic/kvdefinekeys/kvdefinekeys.sty)
(c:/texlive/texmf-dist/tex/generic/pdfescape/pdfescape.sty
(c:/texlive/texmf-dist/tex/generic/ltxcmds/ltxcmds.sty)
(c:/texlive/texmf-dist/tex/generic/pdftexcmds/pdftexcmds.sty
(c:/texlive/texmf-dist/tex/generic/infwarerr/infwarerr.sty)))
(c:/texlive/texmf-dist/tex/latex/hycolor/hycolor.sty)
(c:/texlive/texmf-dist/tex/latex/hyperref/nameref.sty
(c:/texlive/texmf-dist/tex/latex/refcount/refcount.sty)
(c:/texlive/texmf-dist/tex/generic/gettitlestring/gettitlestring.sty
(c:/texlive/texmf-dist/tex/latex/kvoptions/kvoptions.sty)))
(c:/texlive/texmf-dist/tex/latex/etoolbox/etoolbox.sty)
(c:/texlive/texmf-dist/tex/generic/stringenc/stringenc.sty)
(c:/texlive/texmf-dist/tex/latex/hyperref/pd1enc.def)
(c:/texlive/texmf-dist/tex/generic/intcalc/intcalc.sty)
(c:/texlive/texmf-dist/tex/latex/hyperref/puenc.def)
(c:/texlive/texmf-dist/tex/generic/bitset/bitset.sty
(c:/texlive/texmf-dist/tex/generic/bigintcalc/bigintcalc.sty)))
(c:/texlive/texmf-dist/tex/latex/hyperref/hpdftex.def
(c:/texlive/texmf-dist/tex/latex/rerunfilecheck/rerunfilecheck.sty
(c:/texlive/texmf-dist/tex/generic/uniquecounter/uniquecounter.sty)))
(c:/texlive/texmf-dist/tex/latex/cleveref/cleveref.sty)
==> First Aid for cleveref.sty applied!
(c:/texlive/texmf-dist/tex/latex/listings/listings.sty
(c:/texlive/texmf-dist/tex/latex/listings/lstpatch.sty)
(c:/texlive/texmf-dist/tex/latex/listings/lstmisc.sty)
(c:/texlive/texmf-dist/tex/latex/listings/listings.cfg))
(c:/texlive/texmf-dist/tex/latex/xcolor/xcolor.sty
(c:/texlive/texmf-dist/tex/latex/graphics-cfg/color.cfg)
(c:/texlive/texmf-dist/tex/latex/graphics/mathcolor.ltx))
(c:/texlive/texmf-dist/tex/latex/pgf/frontendlayer/tikz.sty
(c:/texlive/texmf-dist/tex/latex/pgf/basiclayer/pgf.sty
(c:/texlive/texmf-dist/tex/latex/pgf/utilities/pgfrcs.sty
(c:/texlive/texmf-dist/tex/generic/pgf/utilities/pgfutil-common.tex)
(c:/texlive/texmf-dist/tex/generic/pgf/utilities/pgfutil-latex.def)
(c:/texlive/texmf-dist/tex/generic/pgf/utilities/pgfrcs.code.tex
(c:/texlive/texmf-dist/tex/generic/pgf/pgf.revision.tex)))
(c:/texlive/texmf-dist/tex/latex/pgf/basiclayer/pgfcore.sty
(c:/texlive/texmf-dist/tex/latex/pgf/systemlayer/pgfsys.sty
(c:/texlive/texmf-dist/tex/generic/pgf/systemlayer/pgfsys.code.tex
(c:/texlive/texmf-dist/tex/generic/pgf/utilities/pgfkeys.code.tex
(c:/texlive/texmf-dist/tex/generic/pgf/utilities/pgfkeyslibraryfiltered.code.te
x)) (c:/texlive/texmf-dist/tex/generic/pgf/systemlayer/pgf.cfg)
(c:/texlive/texmf-dist/tex/generic/pgf/systemlayer/pgfsys-pdftex.def
(c:/texlive/texmf-dist/tex/generic/pgf/systemlayer/pgfsys-common-pdf.def)))
(c:/texlive/texmf-dist/tex/generic/pgf/systemlayer/pgfsyssoftpath.code.tex)
(c:/texlive/texmf-dist/tex/generic/pgf/systemlayer/pgfsysprotocol.code.tex))
(c:/texlive/texmf-dist/tex/generic/pgf/basiclayer/pgfcore.code.tex
(c:/texlive/texmf-dist/tex/generic/pgf/math/pgfmath.code.tex
(c:/texlive/texmf-dist/tex/generic/pgf/math/pgfmathutil.code.tex)
(c:/texlive/texmf-dist/tex/generic/pgf/math/pgfmathparser.code.tex)
(c:/texlive/texmf-dist/tex/generic/pgf/math/pgfmathfunctions.code.tex)
(c:/texlive/texmf-dist/tex/generic/pgf/math/pgfmathfunctions.basic.code.tex)
(c:/texlive/texmf-dist/tex/generic/pgf/math/pgfmathfunctions.trigonometric.code
.tex)
(c:/texlive/texmf-dist/tex/generic/pgf/math/pgfmathfunctions.random.code.tex)
(c:/texlive/texmf-dist/tex/generic/pgf/math/pgfmathfunctions.comparison.code.te
x) (c:/texlive/texmf-dist/tex/generic/pgf/math/pgfmathfunctions.base.code.tex)
(c:/texlive/texmf-dist/tex/generic/pgf/math/pgfmathfunctions.round.code.tex)
(c:/texlive/texmf-dist/tex/generic/pgf/math/pgfmathfunctions.misc.code.tex)
(c:/texlive/texmf-dist/tex/generic/pgf/math/pgfmathfunctions.integerarithmetics
.code.tex) (c:/texlive/texmf-dist/tex/generic/pgf/math/pgfmathcalc.code.tex)
(c:/texlive/texmf-dist/tex/generic/pgf/math/pgfmathfloat.code.tex))
(c:/texlive/texmf-dist/tex/generic/pgf/math/pgfint.code.tex)
(c:/texlive/texmf-dist/tex/generic/pgf/basiclayer/pgfcorepoints.code.tex)
(c:/texlive/texmf-dist/tex/generic/pgf/basiclayer/pgfcorepathconstruct.code.tex
) (c:/texlive/texmf-dist/tex/generic/pgf/basiclayer/pgfcorepathusage.code.tex)
(c:/texlive/texmf-dist/tex/generic/pgf/basiclayer/pgfcorescopes.code.tex)
(c:/texlive/texmf-dist/tex/generic/pgf/basiclayer/pgfcoregraphicstate.code.tex)

(c:/texlive/texmf-dist/tex/generic/pgf/basiclayer/pgfcoretransformations.code.t
ex) (c:/texlive/texmf-dist/tex/generic/pgf/basiclayer/pgfcorequick.code.tex)
(c:/texlive/texmf-dist/tex/generic/pgf/basiclayer/pgfcoreobjects.code.tex)
(c:/texlive/texmf-dist/tex/generic/pgf/basiclayer/pgfcorepathprocessing.code.te
x) (c:/texlive/texmf-dist/tex/generic/pgf/basiclayer/pgfcorearrows.code.tex)
(c:/texlive/texmf-dist/tex/generic/pgf/basiclayer/pgfcoreshade.code.tex)
(c:/texlive/texmf-dist/tex/generic/pgf/basiclayer/pgfcoreimage.code.tex)
(c:/texlive/texmf-dist/tex/generic/pgf/basiclayer/pgfcoreexternal.code.tex)
(c:/texlive/texmf-dist/tex/generic/pgf/basiclayer/pgfcorelayers.code.tex)
(c:/texlive/texmf-dist/tex/generic/pgf/basiclayer/pgfcoretransparency.code.tex)
 (c:/texlive/texmf-dist/tex/generic/pgf/basiclayer/pgfcorepatterns.code.tex)
(c:/texlive/texmf-dist/tex/generic/pgf/basiclayer/pgfcorerdf.code.tex)))
(c:/texlive/texmf-dist/tex/generic/pgf/modules/pgfmoduleshapes.code.tex)
(c:/texlive/texmf-dist/tex/generic/pgf/modules/pgfmoduleplot.code.tex)
(c:/texlive/texmf-dist/tex/latex/pgf/compatibility/pgfcomp-version-0-65.sty)
(c:/texlive/texmf-dist/tex/latex/pgf/compatibility/pgfcomp-version-1-18.sty))
(c:/texlive/texmf-dist/tex/latex/pgf/utilities/pgffor.sty
(c:/texlive/texmf-dist/tex/latex/pgf/utilities/pgfkeys.sty
(c:/texlive/texmf-dist/tex/generic/pgf/utilities/pgfkeys.code.tex))
(c:/texlive/texmf-dist/tex/latex/pgf/math/pgfmath.sty
(c:/texlive/texmf-dist/tex/generic/pgf/math/pgfmath.code.tex))
(c:/texlive/texmf-dist/tex/generic/pgf/utilities/pgffor.code.tex))
(c:/texlive/texmf-dist/tex/generic/pgf/frontendlayer/tikz/tikz.code.tex
(c:/texlive/texmf-dist/tex/generic/pgf/libraries/pgflibraryplothandlers.code.te
x) (c:/texlive/texmf-dist/tex/generic/pgf/modules/pgfmodulematrix.code.tex)
(c:/texlive/texmf-dist/tex/generic/pgf/frontendlayer/tikz/libraries/tikzlibrary
topaths.code.tex))) (c:/texlive/texmf-dist/tex/latex/pgfplots/pgfplots.sty
(c:/texlive/texmf-dist/tex/generic/pgfplots/pgfplots.revision.tex)
(c:/texlive/texmf-dist/tex/generic/pgfplots/pgfplots.code.tex
(c:/texlive/texmf-dist/tex/generic/pgfplots/pgfplotscore.code.tex
(c:/texlive/texmf-dist/tex/generic/pgfplots/sys/pgfplotssysgeneric.code.tex))
(c:/texlive/texmf-dist/tex/generic/pgfplots/libs/pgfplotslibrary.code.tex)
(c:/texlive/texmf-dist/tex/generic/pgfplots/oldpgfcompatib/pgfplotsoldpgfsupp_l
oader.code.tex
(c:/texlive/texmf-dist/tex/generic/pgf/libraries/pgflibraryfpu.code.tex)
(c:/texlive/texmf-dist/tex/generic/pgfplots/oldpgfcompatib/pgfplotsoldpgfsupp_p
gfutil-common-lists.tex))
(c:/texlive/texmf-dist/tex/generic/pgfplots/util/pgfplotsutil.code.tex
(c:/texlive/texmf-dist/tex/generic/pgfplots/liststructure/pgfplotsliststructure
.code.tex)
(c:/texlive/texmf-dist/tex/generic/pgfplots/liststructure/pgfplotsliststructure
ext.code.tex)
(c:/texlive/texmf-dist/tex/generic/pgfplots/liststructure/pgfplotsarray.code.te
x)
(c:/texlive/texmf-dist/tex/generic/pgfplots/liststructure/pgfplotsmatrix.code.t
ex)
(c:/texlive/texmf-dist/tex/generic/pgfplots/numtable/pgfplotstableshared.code.t
ex)
(c:/texlive/texmf-dist/tex/generic/pgfplots/liststructure/pgfplotsdeque.code.te
x) (c:/texlive/texmf-dist/tex/generic/pgfplots/util/pgfplotsbinary.code.tex
(c:/texlive/texmf-dist/tex/generic/pgfplots/util/pgfplotsbinary.data.code.tex))
(c:/texlive/texmf-dist/tex/generic/pgfplots/util/pgfplotsutil.verb.code.tex)
(c:/texlive/texmf-dist/tex/generic/pgfplots/libs/pgflibrarypgfplots.surfshading
.code.tex
(c:/texlive/texmf-dist/tex/generic/pgfplots/sys/pgflibrarypgfplots.surfshading.
pgfsys-pdftex.def)))
(c:/texlive/texmf-dist/tex/generic/pgfplots/util/pgfplotscolormap.code.tex
(c:/texlive/texmf-dist/tex/generic/pgfplots/util/pgfplotscolor.code.tex))
(c:/texlive/texmf-dist/tex/generic/pgfplots/pgfplotsstackedplots.code.tex)
(c:/texlive/texmf-dist/tex/generic/pgfplots/pgfplotsplothandlers.code.tex
(c:/texlive/texmf-dist/tex/generic/pgfplots/pgfplotsmeshplothandler.code.tex
(c:/texlive/texmf-dist/tex/generic/pgfplots/pgfplotsmeshplotimage.code.tex)))
(c:/texlive/texmf-dist/tex/generic/pgfplots/pgfplots.scaling.code.tex)
(c:/texlive/texmf-dist/tex/generic/pgfplots/pgfplotscoordprocessing.code.tex)
(c:/texlive/texmf-dist/tex/generic/pgfplots/pgfplots.errorbars.code.tex)
(c:/texlive/texmf-dist/tex/generic/pgfplots/pgfplots.markers.code.tex)
(c:/texlive/texmf-dist/tex/generic/pgfplots/pgfplotsticks.code.tex)
(c:/texlive/texmf-dist/tex/generic/pgfplots/pgfplots.paths.code.tex)
(c:/texlive/texmf-dist/tex/generic/pgf/frontendlayer/tikz/libraries/tikzlibrary
decorations.code.tex
(c:/texlive/texmf-dist/tex/generic/pgf/modules/pgfmoduledecorations.code.tex))
(c:/texlive/texmf-dist/tex/generic/pgf/frontendlayer/tikz/libraries/tikzlibrary
decorations.pathmorphing.code.tex
(c:/texlive/texmf-dist/tex/generic/pgf/libraries/decorations/pgflibrarydecorati
ons.pathmorphing.code.tex))
(c:/texlive/texmf-dist/tex/generic/pgf/frontendlayer/tikz/libraries/tikzlibrary
decorations.pathreplacing.code.tex
(c:/texlive/texmf-dist/tex/generic/pgf/libraries/decorations/pgflibrarydecorati
ons.pathreplacing.code.tex))
(c:/texlive/texmf-dist/tex/generic/pgfplots/libs/tikzlibrarypgfplots.contourlua
.code.tex))
(c:/texlive/texmf-dist/tex/generic/pgf/frontendlayer/tikz/libraries/tikzlibrary
plotmarks.code.tex
(c:/texlive/texmf-dist/tex/generic/pgf/libraries/pgflibraryplotmarks.code.tex))
) (c:/texlive/texmf-dist/tex/latex/geometry/geometry.sty
(c:/texlive/texmf-dist/tex/generic/iftex/ifvtex.sty))
(c:/texlive/texmf-dist/tex/latex/acronym/acronym.sty
(c:/texlive/texmf-dist/tex/latex/bigfoot/suffix.sty)
(c:/texlive/texmf-dist/tex/generic/xstring/xstring.sty
(c:/texlive/texmf-dist/tex/generic/xstring/xstring.tex)))
(c:/texlive/texmf-dist/tex/latex/glossaries/base/glossaries.sty
(c:/texlive/texmf-dist/tex/latex/xkeyval/xkeyval.sty
(c:/texlive/texmf-dist/tex/generic/xkeyval/xkeyval.tex
(c:/texlive/texmf-dist/tex/generic/xkeyval/xkvutils.tex)))
(c:/texlive/texmf-dist/tex/latex/mfirstuc/mfirstuc.sty)
(c:/texlive/texmf-dist/tex/latex/xfor/xfor.sty)
(c:/texlive/texmf-dist/tex/latex/datatool/datatool-base.sty
(c:/texlive/texmf-dist/tex/latex/tracklang/tracklang.sty
(c:/texlive/texmf-dist/tex/generic/tracklang/tracklang.tex))
(c:/texlive/texmf-dist/tex/latex/datatool/datatool-l3fp.def)
(c:/texlive/texmf-dist/tex/latex/datatool/datatool-utf8.ldf))
(c:/texlive/texmf-dist/tex/latex/glossaries/styles/glossary-hypernav.sty)
(c:/texlive/texmf-dist/tex/latex/glossaries/styles/glossary-list.sty)
(c:/texlive/texmf-dist/tex/latex/glossaries/styles/glossary-long.sty)
(c:/texlive/texmf-dist/tex/latex/glossaries/styles/glossary-tree.sty))
(c:/texlive/texmf-dist/tex/latex/enumitem/enumitem.sty)
(c:/texlive/texmf-dist/tex/latex/base/textcomp.sty)
(c:/texlive/texmf-dist/tex/latex/microtype/microtype.sty
(c:/texlive/texmf-dist/tex/latex/microtype/microtype-pdftex.def)
(c:/texlive/texmf-dist/tex/latex/microtype/microtype.cfg))
(c:/texlive/texmf-dist/tex/latex/appendix/appendix.sty)
(c:/texlive/texmf-dist/tex/latex/titlesec/titlesec.sty)
(c:/texlive/texmf-dist/tex/generic/pgf/frontendlayer/tikz/libraries/tikzlibrary
shapes.geometric.code.tex
(c:/texlive/texmf-dist/tex/generic/pgf/libraries/shapes/pgflibraryshapes.geomet
ric.code.tex))
(c:/texlive/texmf-dist/tex/generic/pgf/frontendlayer/tikz/libraries/tikzlibrary
shapes.arrows.code.tex
(c:/texlive/texmf-dist/tex/generic/pgf/libraries/shapes/pgflibraryshapes.arrows
.code.tex))
(c:/texlive/texmf-dist/tex/generic/pgf/frontendlayer/tikz/libraries/tikzlibrary
shapes.symbols.code.tex
(c:/texlive/texmf-dist/tex/generic/pgf/libraries/shapes/pgflibraryshapes.symbol
s.code.tex))
(c:/texlive/texmf-dist/tex/generic/pgf/frontendlayer/tikz/libraries/tikzlibrary
positioning.code.tex)
(c:/texlive/texmf-dist/tex/generic/pgf/frontendlayer/tikz/libraries/tikzlibrary
calc.code.tex)
(c:/texlive/texmf-dist/tex/generic/pgf/libraries/pgflibraryarrows.meta.code.tex
)
(c:/texlive/texmf-dist/tex/generic/pgf/frontendlayer/tikz/libraries/tikzlibrary
decorations.markings.code.tex
(c:/texlive/texmf-dist/tex/generic/pgf/libraries/decorations/pgflibrarydecorati
ons.markings.code.tex))
(c:/texlive/texmf-dist/tex/generic/pgf/frontendlayer/tikz/libraries/tikzlibrary
shadows.code.tex
(c:/texlive/texmf-dist/tex/generic/pgf/frontendlayer/tikz/libraries/tikzlibrary
fadings.code.tex
(c:/texlive/texmf-dist/tex/generic/pgf/libraries/pgflibraryfadings.code.tex)))
(c:/texlive/texmf-dist/tex/generic/pgf/frontendlayer/tikz/libraries/tikzlibrary
fit.code.tex)
(c:/texlive/texmf-dist/tex/generic/pgf/frontendlayer/tikz/libraries/tikzlibrary
backgrounds.code.tex)
(c:/texlive/texmf-dist/tex/generic/pgf/frontendlayer/tikz/libraries/tikzlibrary
chains.code.tex)
(c:/texlive/texmf-dist/tex/generic/pgf/frontendlayer/tikz/libraries/tikzlibrary
scopes.code.tex)
(c:/texlive/texmf-dist/tex/generic/pgf/frontendlayer/tikz/libraries/tikzlibrary
patterns.code.tex
(c:/texlive/texmf-dist/tex/generic/pgf/libraries/pgflibrarypatterns.code.tex))
(c:/texlive/texmf-dist/tex/generic/pgf/frontendlayer/tikz/libraries/tikzlibrary
patterns.meta.code.tex
(c:/texlive/texmf-dist/tex/generic/pgf/libraries/pgflibrarypatterns.meta.code.t
ex))
(c:/texlive/texmf-dist/tex/generic/pgfplots/libs/tikzlibrarypgfplots.fillbetwee
n.code.tex
(c:/texlive/texmf-dist/tex/generic/pgfplots/pgfcontrib/tikzlibraryfillbetween.c
ode.tex
(c:/texlive/texmf-dist/tex/generic/pgf/frontendlayer/tikz/libraries/tikzlibrary
intersections.code.tex
(c:/texlive/texmf-dist/tex/generic/pgf/libraries/pgflibraryintersections.code.t
ex))
(c:/texlive/texmf-dist/tex/generic/pgfplots/pgfcontrib/tikzlibrarydecorations.s
oftclip.code.tex
(c:/texlive/texmf-dist/tex/generic/pgfplots/pgfcontrib/pgflibraryfillbetween.co
de.tex)))
(c:/texlive/texmf-dist/tex/generic/pgfplots/libs/tikzlibrarypgfplots.decoration
s.softclip.code.tex))

Package hyperref Warning: Option `bookmarks' has already been used,
(hyperref)                setting the option has no effect on input line 129.

(c:/texlive/texmf-dist/tex/latex/biblatex/biblatex.sty
(c:/texlive/texmf-dist/tex/latex/logreq/logreq.sty
(c:/texlive/texmf-dist/tex/latex/logreq/logreq.def))
(c:/texlive/texmf-dist/tex/latex/biblatex/blx-dm.def)
(c:/texlive/texmf-dist/tex/latex/biblatex/blx-compat.def)
(c:/texlive/texmf-dist/tex/latex/biblatex/biblatex.def)
(c:/texlive/texmf-dist/tex/latex/biblatex-ieee/ieee.bbx
(c:/texlive/texmf-dist/tex/latex/biblatex/bbx/numeric-comp.bbx
(c:/texlive/texmf-dist/tex/latex/biblatex/bbx/numeric.bbx
(c:/texlive/texmf-dist/tex/latex/biblatex/bbx/standard.bbx))))
(c:/texlive/texmf-dist/tex/latex/biblatex-ieee/ieee.cbx
(c:/texlive/texmf-dist/tex/latex/biblatex/cbx/numeric-verb.cbx))
(c:/texlive/texmf-dist/tex/latex/biblatex/biblatex.cfg)
(c:/texlive/texmf-dist/tex/latex/l3kernel/expl3.sty
(c:/texlive/texmf-dist/tex/latex/l3backend/l3backend-pdftex.def))
(c:/texlive/texmf-dist/tex/latex/biblatex/blx-case-expl3.sty
(c:/texlive/texmf-dist/tex/latex/l3packages/xparse/xparse.sty)))
No file vbfc_paper_full.aux.
(c:/texlive/texmf-dist/tex/context/base/mkii/supp-pdf.mkii
[Loading MPS to PDF converter (version 2006.09.02).]
) (c:/texlive/texmf-dist/tex/latex/epstopdf-pkg/epstopdf-base.sty
(c:/texlive/texmf-dist/tex/latex/latexconfig/epstopdf-sys.cfg))
(c:/texlive/texmf-dist/tex/latex/caption/ltcaption.sty)
Package pgfplots notification 'compat/show suggested version=true': document ha
s been generated with the most recent feature set (\pgfplotsset{compat=1.18}).

*geometry* driver: auto-detecting
*geometry* detected driver: pdftex
(c:/texlive/texmf-dist/tex/latex/microtype/mt-cmr.cfg)
(c:/texlive/texmf-dist/tex/latex/biblatex/lbx/english.lbx)
No file vbfc_paper_full.bbl.

Package acronym Warning: Acronym SPI is not defined on input line 248.


Package acronym Warning: Acronym SPI is not defined on input line 248.


Package acronym Warning: Acronym BIOS is not defined on input line 248.


Package acronym Warning: Acronym BIOS is not defined on input line 248.

(c:/texlive/texmf-dist/tex/latex/amsfonts/umsa.fd)
(c:/texlive/texmf-dist/tex/latex/microtype/mt-msa.cfg)
(c:/texlive/texmf-dist/tex/latex/amsfonts/umsb.fd)
(c:/texlive/texmf-dist/tex/latex/microtype/mt-msb.cfg)

Package acronym Warning: Acronym BIOS is not defined on input line 251.


Package acronym Warning: Acronym vbfc is not defined on input line 251.


Package acronym Warning: Acronym vbfc is not defined on input line 251.


Package acronym Warning: Acronym SPI is not defined on input line 251.


Package acronym Warning: Acronym PCH is not defined on input line 251.


Package acronym Warning: Acronym PCH is not defined on input line 251.


Package acronym Warning: Acronym SPI is not defined on input line 251.


Package acronym Warning: Acronym SRAM is not defined on input line 251.


Package acronym Warning: Acronym SRAM is not defined on input line 251.


Package acronym Warning: Acronym HMAC is not defined on input line 251.


Package acronym Warning: Acronym HMAC is not defined on input line 251.


Package acronym Warning: Acronym SHA is not defined on input line 251.


Package acronym Warning: Acronym SHA is not defined on input line 251.


Package acronym Warning: Acronym SPI is not defined on input line 251.


Package acronym Warning: Acronym SPI is not defined on input line 251.


Package acronym Warning: Acronym SPI is not defined on input line 251.


Package acronym Warning: Acronym UEFI is not defined on input line 251.


Package acronym Warning: Acronym UEFI is not defined on input line 251.


Package acronym Warning: Acronym BIOS is not defined on input line 251.


Package acronym Warning: Acronym ME is not defined on input line 251.


Package acronym Warning: Acronym ME is not defined on input line 251.


Package acronym Warning: Acronym SPI is not defined on input line 254.


Package acronym Warning: Acronym BIOS is not defined on input line 254.


Package acronym Warning: Acronym RP2040 is not defined on input line 254.


Package acronym Warning: Acronym RP2040 is not defined on input line 254.


Package acronym Warning: Acronym UEFI is not defined on input line 254.


Package acronym Warning: Acronym ME is not defined on input line 254.

No file vbfc_paper_full.toc.
[1{c:/texlive/texmf-var/fonts/map/pdftex/updmap/pdftex.map}{c:/texlive/texmf-di
st/fonts/enc/dvips/cm-super/cm-super-t1.enc}{c:/texlive/texmf-dist/fonts/enc/dv
ips/cm-super/cm-super-ts1.enc}] (./sections_full/01_introduction.tex

Package acronym Warning: Acronym BIOS is not defined on input line 7.


Package acronym Warning: Acronym UEFI is not defined on input line 7.


Package acronym Warning: Acronym TCB is not defined on input line 7.


Package acronym Warning: Acronym TCB is not defined on input line 7.


Package acronym Warning: Acronym SPI is not defined on input line 7.


Package acronym Warning: Acronym PCH is not defined on input line 7.


Package acronym Warning: Acronym SMM is not defined on input line 7.


Package acronym Warning: Acronym SMM is not defined on input line 7.


LaTeX Warning: Citation 'kallenberg2015firmware' on page 2 undefined on input l
ine 7.


LaTeX Warning: Citation 'wormley2018bios' on page 2 undefined on input line 7.


LaTeX Warning: Citation 'nist2018sp800-193' on page 2 undefined on input line 7
.


LaTeX Warning: Citation 'microsoft2020secured-core' on page 2 undefined on inpu
t line 7.


Overfull \hbox (78.98209pt too wide) in paragraph at lines 7--8
[] \T1/cmr/m/n/10.95 (-20) and a crit-i-cal layer for de-fen-sive mea-sures [],
 []. 

Package acronym Warning: Acronym SPI is not defined on input line 9.


LaTeX Warning: Citation 'spispy' on page 2 undefined on input line 9.


LaTeX Warning: Citation 'fspi' on page 2 undefined on input line 9.


LaTeX Warning: Citation 'spi-flasher' on page 2 undefined on input line 9.


Package acronym Warning: Acronym vbfc is not defined on input line 11.


Package acronym Warning: Acronym vbfc is not defined on input line 11.


Package acronym Warning: Acronym SPI is not defined on input line 11.


Package acronym Warning: Acronym PCH is not defined on input line 11.


Package acronym Warning: Acronym SPI is not defined on input line 11.


Package acronym Warning: Acronym PCB is not defined on input line 11.


Package acronym Warning: Acronym PCB is not defined on input line 11.


Package acronym Warning: Acronym SPI is not defined on input line 15.


Package acronym Warning: Acronym PIO is not defined on input line 15.


Package acronym Warning: Acronym PIO is not defined on input line 15.


Package acronym Warning: Acronym PCH is not defined on input line 15.


LaTeX Warning: Reference `sec:spi_arbiter' on page 2 undefined on input line 15
.


LaTeX Warning: Reference `app:signed_header' on page 2 undefined on input line 
17.


Package acronym Warning: Acronym HMAC is not defined on input line 17.


Package acronym Warning: Acronym SHA is not defined on input line 17.


LaTeX Warning: Reference `sec:security' on page 2 undefined on input line 17.


LaTeX Warning: Reference `app:shadow_map' on page 2 undefined on input line 19.



Package acronym Warning: Acronym EEPROM is not defined on input line 19.


Package acronym Warning: Acronym EEPROM is not defined on input line 19.


Package acronym Warning: Acronym PCH is not defined on input line 19.


LaTeX Warning: Reference `sec:architecture' on page 2 undefined on input line 1
9.


Package acronym Warning: Acronym SPI is not defined on input line 21.


Package acronym Warning: Acronym CLI is not defined on input line 21.


Package acronym Warning: Acronym CLI is not defined on input line 21.


LaTeX Warning: Reference `sec:implementation' on page 2 undefined on input line
 21.


LaTeX Warning: Reference `app:host_api' on page 2 undefined on input line 21.


Package acronym Warning: Acronym PCB is not defined on input line 23.


Package acronym Warning: Acronym PIO is not defined on input line 23.


LaTeX Warning: Citation 'vbfc-github' on page 2 undefined on input line 23.


Package acronym Warning: Acronym SPI is not defined on input line 27.


Package acronym Warning: Acronym PCH is not defined on input line 27.


Package acronym Warning: Acronym ME is not defined on input line 27.


Package acronym Warning: Acronym PCH is not defined on input line 27.


LaTeX Warning: Reference `sec:threat_model' on page 2 undefined on input line 2
7.


LaTeX Warning: Reference `sec:background' on page 2 undefined on input line 30.



Package acronym Warning: Acronym SPI is not defined on input line 30.


LaTeX Warning: Reference `sec:threat_model' on page 2 undefined on input line 3
0.


LaTeX Warning: Reference `sec:architecture' on page 2 undefined on input line 3
0.


LaTeX Warning: Reference `sec:spi_arbiter' on page 2 undefined on input line 30
.


Package acronym Warning: Acronym SPI is not defined on input line 30.


LaTeX Warning: Reference `sec:security' on page 2 undefined on input line 30.


LaTeX Warning: Reference `sec:implementation' on page 2 undefined on input line
 30.


LaTeX Warning: Reference `sec:evaluation' on page 2 undefined on input line 30.



LaTeX Warning: Reference `sec:discussion' on page 2 undefined on input line 30.



LaTeX Warning: Reference `sec:conclusion' on page 2 undefined on input line 30.


) (./sections_full/02_background_related_work.tex [2]

Package acronym Warning: Acronym BIOS is not defined on input line 8.


Package acronym Warning: Acronym UEFI is not defined on input line 8.


Package acronym Warning: Acronym ME is not defined on input line 8.


Package acronym Warning: Acronym PCH is not defined on input line 8.


Package acronym Warning: Acronym EC is not defined on input line 8.


Package acronym Warning: Acronym EC is not defined on input line 8.


Package acronym Warning: Acronym TPM is not defined on input line 8.


Package acronym Warning: Acronym TPM is not defined on input line 8.


Package acronym Warning: Acronym UEFI is not defined on input line 8.


LaTeX Warning: Citation 'uefi-spec' on page 3 undefined on input line 8.


Package acronym Warning: Acronym PEI is not defined on input line 8.


Package acronym Warning: Acronym PEI is not defined on input line 8.


Package acronym Warning: Acronym DXE is not defined on input line 8.


Package acronym Warning: Acronym DXE is not defined on input line 8.


Package acronym Warning: Acronym BDS is not defined on input line 8.


Package acronym Warning: Acronym BDS is not defined on input line 8.


Package acronym Warning: Acronym NVRAM is not defined on input line 8.


Package acronym Warning: Acronym NVRAM is not defined on input line 8.


Package acronym Warning: Acronym UEFI is not defined on input line 10.


Package acronym Warning: Acronym ME is not defined on input line 10.


LaTeX Warning: Citation 'kallenberg2015firmware' on page 3 undefined on input l
ine 10.


LaTeX Warning: Citation 'wormley2018bios' on page 3 undefined on input line 10.



LaTeX Warning: Citation 'kaspersky2022moonbounce' on page 3 undefined on input 
line 10.


LaTeX Warning: Citation 'rutkowska2008evil' on page 3 undefined on input line 1
0.


Package acronym Warning: Acronym TPM is not defined on input line 10.


Package acronym Warning: Acronym TXT is not defined on input line 10.


Package acronym Warning: Acronym TXT is not defined on input line 10.


LaTeX Warning: Citation 'coreboot' on page 3 undefined on input line 10.


LaTeX Warning: Citation 'insyde-unlock' on page 3 undefined on input line 10.


LaTeX Warning: Citation 'nsa-ant' on page 3 undefined on input line 10.


Package acronym Warning: Acronym TPM is not defined on input line 10.


Package acronym Warning: Acronym IMA is not defined on input line 10.


Package acronym Warning: Acronym IMA is not defined on input line 10.


Package acronym Warning: Acronym PCR is not defined on input line 10.


Package acronym Warning: Acronym PCR is not defined on input line 10.


Package acronym Warning: Acronym SMM is not defined on input line 10.


Overfull \hbox (43.30661pt too wide) in paragraph at lines 10--11
[]\T1/cmr/m/n/10.95 (-20) ; (2) \T1/cmr/m/it/10.95 (-20) Bootk-its \T1/cmr/m/n/
10.95 (-20) sub-vert-ing the boot chain be-fore OS load [];

Package acronym Warning: Acronym SPI is not defined on input line 13.


Package acronym Warning: Acronym PCH is not defined on input line 13.


Package acronym Warning: Acronym SPI is not defined on input line 13.


Package acronym Warning: Acronym SPI is not defined on input line 15.


LaTeX Warning: Citation 'spispy' on page 3 undefined on input line 17.


LaTeX Warning: Citation 'fspi' on page 3 undefined on input line 18.


LaTeX Warning: Citation 'spi-flasher' on page 3 undefined on input line 19.


LaTeX Warning: Citation 'glitch-interposer' on page 3 undefined on input line 2
0.


Package acronym Warning: Acronym PIO is not defined on input line 26.


Package acronym Warning: Acronym PIO is not defined on input line 26.


Package acronym Warning: Acronym CPU is not defined on input line 26.


Package acronym Warning: Acronym CPU is not defined on input line 26.


Package acronym Warning: Acronym PIO is not defined on input line 26.


Package acronym Warning: Acronym PIO is not defined on input line 26.


Package acronym Warning: Acronym SPI is not defined on input line 26.

) (./sections_full/03_threat_model.tex [3]

Package acronym Warning: Acronym HMAC is not defined on input line 14.


Package acronym Warning: Acronym PCH is not defined on input line 15.


Package acronym Warning: Acronym SPI is not defined on input line 15.


Package hyperref Warning: Token not allowed in a PDF string (Unicode):
(hyperref)                removing `math shift' on input line 18.


Package hyperref Warning: Token not allowed in a PDF string (Unicode):
(hyperref)                removing `math shift' on input line 18.


Package acronym Warning: Acronym DB is not defined on input line 19.


Package acronym Warning: Acronym DB is not defined on input line 19.


Package acronym Warning: Acronym SPI is not defined on input line 21.


Package acronym Warning: Acronym SPI is not defined on input line 22.


Package acronym Warning: Acronym SWD is not defined on input line 23.


Package acronym Warning: Acronym SWD is not defined on input line 23.


Package acronym Warning: Acronym HMAC is not defined on input line 31.


Package acronym Warning: Acronym OTP is not defined on input line 31.


Package acronym Warning: Acronym OTP is not defined on input line 31.


LaTeX Warning: Reference `sec:security' on page 4 undefined on input line 31.


Package acronym Warning: Acronym HMAC is not defined on input line 32.


Package acronym Warning: Acronym SHA is not defined on input line 32.

[4]

Package acronym Warning: Acronym IBB is not defined on input line 35.


Package acronym Warning: Acronym IBB is not defined on input line 35.


Package acronym Warning: Acronym PCH is not defined on input line 35.


Package acronym Warning: Acronym PCH is not defined on input line 43.


Package acronym Warning: Acronym SPI is not defined on input line 43.


Package acronym Warning: Acronym PCH is not defined on input line 43.


Package acronym Warning: Acronym SPI is not defined on input line 44.


Package acronym Warning: Acronym PCH is not defined on input line 49.


Package acronym Warning: Acronym ME is not defined on input line 49.


Package acronym Warning: Acronym HMAC is not defined on input line 53.

) (./sections_full/04_system_architecture.tex

Package acronym Warning: Acronym SPI is not defined on input line 37.


Overfull \hbox (48.3392pt too wide) in paragraph at lines 125--126
 [][] 

LaTeX Warning: Reference `fig:system_architecture' on page 5 undefined on input
 line 130.


Package acronym Warning: Acronym SRAM is not defined on input line 132.


Package acronym Warning: Acronym QSPI is not defined on input line 133.


Package acronym Warning: Acronym QSPI is not defined on input line 133.


Package acronym Warning: Acronym MISO is not defined on input line 134.


Package acronym Warning: Acronym MISO is not defined on input line 134.


Package acronym Warning: Acronym CS is not defined on input line 134.


Package acronym Warning: Acronym CS is not defined on input line 134.


Package acronym Warning: Acronym EEPROM is not defined on input line 135.


Package acronym Warning: Acronym PCB is not defined on input line 139.


Package acronym Warning: Acronym SPI is not defined on input line 139.


Package acronym Warning: Acronym PCH is not defined on input line 141.


Package acronym Warning: Acronym PIO is not defined on input line 141.

[5]

Package acronym Warning: Acronym PCH is not defined on input line 142.


Package acronym Warning: Acronym PCH is not defined on input line 142.


Package acronym Warning: Acronym PCH is not defined on input line 143.


Package acronym Warning: Acronym PIO is not defined on input line 145.


Package acronym Warning: Acronym PCH is not defined on input line 145.


LaTeX Warning: Reference `app:shadow_map' on page 6 undefined on input line 148
.


Package acronym Warning: Acronym PCH is not defined on input line 148.


Package acronym Warning: Acronym PCH is not defined on input line 173.

[6]

Package acronym Warning: Acronym SPI is not defined on input line 181.


Package acronym Warning: Acronym PIO is not defined on input line 181.


Package acronym Warning: Acronym PCH is not defined on input line 182.


Package acronym Warning: Acronym SPI is not defined on input line 183.

) (./sections_full/05_spi_arbiter_design.tex

Package acronym Warning: Acronym SPI is not defined on input line 4.


Package hyperref Warning: Token not allowed in a PDF string (Unicode):
(hyperref)                removing `\@ac' on input line 4.


Package acronym Warning: Acronym SPI is not defined on input line 7.


Package acronym Warning: Acronym PIO is not defined on input line 7.


Package acronym Warning: Acronym PCH is not defined on input line 7.


Package acronym Warning: Acronym SPI is not defined on input line 7.


Package acronym Warning: Acronym PIO is not defined on input line 9.


Package hyperref Warning: Token not allowed in a PDF string (Unicode):
(hyperref)                removing `\@ac' on input line 9.


Package acronym Warning: Acronym PIO is not defined on input line 10.


Overfull \hbox (393.03993pt too wide) in paragraph at lines 74--75
 [][] 

Package acronym Warning: Acronym SPI is not defined on input line 75.


Package acronym Warning: Acronym SPI is not defined on input line 75.


Package acronym Warning: Acronym PCH is not defined on input line 80.


Package acronym Warning: Acronym SPI is not defined on input line 80.


Package acronym Warning: Acronym SPI is not defined on input line 83.


Package acronym Warning: Acronym SPI is not defined on input line 83.


Overfull \hbox (3.25156pt too wide) in paragraph at lines 85--100
 [][] 
[7]

Package acronym Warning: Acronym SRAM is not defined on input line 105.


Package acronym Warning: Acronym SRAM is not defined on input line 108.

[8]

Package acronym Warning: Acronym SRAM is not defined on input line 145.


Package acronym Warning: Acronym SRAM is not defined on input line 148.

) (./sections_full/06_security_architecture.tex

Package acronym Warning: Acronym PCH is not defined on input line 7.


Package acronym Warning: Acronym HMAC is not defined on input line 7.


Package acronym Warning: Acronym SHA is not defined on input line 7.


LaTeX Warning: Reference `app:signed_header' on page 9 undefined on input line 
10.


LaTeX Warning: Reference `fig:signed_header' on page 9 undefined on input line 
10.

[9]

Package acronym Warning: Acronym OTP is not defined on input line 77.


Package acronym Warning: Acronym OTP is not defined on input line 77.


Package acronym Warning: Acronym SHA is not defined on input line 77.


Overfull \hbox (0.63185pt too wide) in paragraph at lines 78--79
[]\T1/cmr/bx/n/10.95 (-20) Verification: \T1/cmr/m/n/10.95 (-20) On boot, the a
r-biter firmware reads the header, com-putes $[][]\OT1/cmr/m/n/10.95 (-20) ([])
$\T1/cmr/m/n/10.95 (-20) ,

Package acronym Warning: Acronym OTP is not defined on input line 79.


Package acronym Warning: Acronym EEPROM is not defined on input line 79.

[10]

Package acronym Warning: Acronym AES is not defined on input line 88.


Package acronym Warning: Acronym AES is not defined on input line 88.


Package acronym Warning: Acronym OTP is not defined on input line 95.


Overfull \hbox (1.80304pt too wide) in paragraph at lines 106--117
 [][] 
) (./sections_full/07_implementation.tex

Package acronym Warning: Acronym PIO is not defined on input line 8.


Package acronym Warning: Acronym PIO is not defined on input line 8.


Package acronym Warning: Acronym SPI is not defined on input line 10.


Package acronym Warning: Acronym PIO is not defined on input line 10.


Package acronym Warning: Acronym QSPI is not defined on input line 11.


Package acronym Warning: Acronym PIO is not defined on input line 15.


LaTeX Warning: Reference `sec:spi_arbiter' on page 11 undefined on input line 1
5.

[11]

Package acronym Warning: Acronym SHA is not defined on input line 24.

[12]

LaTeX Warning: `h' float specifier changed to `ht'.


Package acronym Warning: Acronym PCB is not defined on input line 137.


Package acronym Warning: Acronym SPI is not defined on input line 137.


LaTeX Warning: Citation 'vbfc-github' on page 13 undefined on input line 137.

) (./sections_full/08_evaluation.tex [13]

Package acronym Warning: Acronym BIOS is not defined on input line 20.


Package acronym Warning: Acronym ME is not defined on input line 40.


Package acronym Warning: Acronym ME is not defined on input line 40.


Package acronym Warning: Acronym ME is not defined on input line 40.


Package acronym Warning: Acronym PCH is not defined on input line 40.


Package acronym Warning: Acronym ME is not defined on input line 40.


Package acronym Warning: Acronym UEFI is not defined on input line 43.


Package acronym Warning: Acronym PCH is not defined on input line 43.

[14]

Package acronym Warning: Acronym PCH is not defined on input line 63.


Package acronym Warning: Acronym SPI is not defined on input line 66.


Package acronym Warning: Acronym UEFI is not defined on input line 99.


Package acronym Warning: Acronym PCH is not defined on input line 101.


Package acronym Warning: Acronym PCH is not defined on input line 104.


Package acronym Warning: Acronym PCH is not defined on input line 104.

[15]) (./sections_full/09_discussion_future_work.tex

Package acronym Warning: Acronym PCH is not defined on input line 10.


Package acronym Warning: Acronym PCH is not defined on input line 10.


Package acronym Warning: Acronym SPI is not defined on input line 10.


Package acronym Warning: Acronym ME is not defined on input line 10.


Package acronym Warning: Acronym UEFI is not defined on input line 10.


Package acronym Warning: Acronym PCH is not defined on input line 13.


Package acronym Warning: Acronym SPI is not defined on input line 13.


Package acronym Warning: Acronym PIO is not defined on input line 13.

[16]

Package acronym Warning: Acronym SPI is not defined on input line 29.


Package acronym Warning: Acronym SPI is not defined on input line 32.


Package acronym Warning: Acronym TPM is not defined on input line 44.


Package acronym Warning: Acronym ME is not defined on input line 47.


Package acronym Warning: Acronym PCR is not defined on input line 50.


Package acronym Warning: Acronym TPM is not defined on input line 50.


Package acronym Warning: Acronym IMA is not defined on input line 50.

[17]) (./sections_full/10_conclusion.tex

Package acronym Warning: Acronym vbfc is not defined on input line 7.


Package acronym Warning: Acronym vbfc is not defined on input line 7.


Package acronym Warning: Acronym SPI is not defined on input line 7.


Package acronym Warning: Acronym SPI is not defined on input line 7.


Package acronym Warning: Acronym PIO is not defined on input line 7.


Package acronym Warning: Acronym HMAC is not defined on input line 7.


Package acronym Warning: Acronym SHA is not defined on input line 7.


Package acronym Warning: Acronym SPI is not defined on input line 7.


Package acronym Warning: Acronym BIOS is not defined on input line 9.


Package acronym Warning: Acronym ME is not defined on input line 9.


Package acronym Warning: Acronym SPI is not defined on input line 9.

[18])
Overfull \hbox (139.52675pt too wide) in paragraph at lines 23--271
[]\T1/cmr/m/n/10.95 (-20) This work is li-censed un-der the MIT Li-cense. See [
][]$\T1/cmtt/m/n/10.95 https : / / github . com / SowinySoft / Virtual-[]Bios-[
]Firmware-[]Controller$[][]

LaTeX Warning: Empty bibliography on input line 273.

(./appendix_full/a_signed_image_header.tex
Overfull \hbox (147.08049pt too wide) in alignment at lines 26--37
 [] [] [] [] 

Package longtable Warning: Column widths have changed
(longtable)                in table 9 on input line 37.

) (./appendix_full/b_shadow_map_format.tex

Package acronym Warning: Acronym PCH is not defined on input line 7.

[19]

LaTeX Warning: Reference `tab:shadow_map_entry' on page 20 undefined on input l
ine 26.


LaTeX Warning: `h' float specifier changed to `ht'.

[20]) (./appendix_full/c_host_toolchain_api.tex [21] [22] [23])
(./appendix_full/d_hardware_bom_schematics.tex
Underfull \hbox (badness 4266) in paragraph at lines 27--28
[]|\T1/cmr/m/n/10.95 (+20) SPDT ana-log switch,

Underfull \hbox (badness 5667) in paragraph at lines 32--33
[]|\T1/cmr/m/n/10.95 (+20) Decoupling (U2, U3,

Underfull \hbox (badness 10000) in paragraph at lines 44--45
[]|\T1/cmr/m/n/10.95 (+20) RP2040 XOSC (op-

Underfull \hbox (badness 10000) in paragraph at lines 44--45
\T1/cmr/m/n/10.95 (+20) tional, USB needs

Underfull \hbox (badness 10000) in paragraph at lines 45--46
[]|\T1/cmr/m/n/10.95 (+20) 4-layer, 50x30mm,

Package longtable Warning: Column widths have changed
(longtable)                in table 12 on input line 48.

[24] [25] [26]) (./appendix_full/e_real_hardware_test_phase.tex
Overfull \hbox (27.7655pt too wide) in paragraph at lines 20--30
 [][] 

LaTeX Warning: `h' float specifier changed to `ht'.

[27] [28] [29] [30] [31]
Overfull \hbox (57.56834pt too wide) in paragraph at lines 361--373
 [][] 

LaTeX Warning: `h' float specifier changed to `ht'.


LaTeX Warning: `h' float specifier changed to `ht'.

) [32] [33]

Package longtable Warning: Table widths have changed. Rerun LaTeX.

(./vbfc_paper_full.aux)

LaTeX Warning: There were undefined references.


LaTeX Warning: Label(s) may have changed. Rerun to get cross-references right.


Package rerunfilecheck Warning: File `vbfc_paper_full.out' has changed.
(rerunfilecheck)                Rerun to get outlines right
(rerunfilecheck)                or use package `bookmark'.


Package biblatex Warning: Please (re)run Biber on the file:
(biblatex)                vbfc_paper_full
(biblatex)                and rerun LaTeX afterwards.

 )
(see the transcript file for additional information)
pdfTeX warning (dest): name{glo:mux} has been referenced but does not exist, re
placed by a fixed one


pdfTeX warning (dest): name{glo:w25q128} has been referenced but does not exist
, replaced by a fixed one


pdfTeX warning (dest): name{glo:rp2040} has been referenced but does not exist,
 replaced by a fixed one


pdfTeX warning (dest): name{glo:vbfc} has been referenced but does not exist, r
eplaced by a fixed one

<c:/texlive/texmf-dist/fonts/type1/public/amsfonts/cm/cmmi10.pfb><c:/texlive/te
xmf-dist/fonts/type1/public/amsfonts/cm/cmmi6.pfb><c:/texlive/texmf-dist/fonts/
type1/public/amsfonts/cm/cmmi8.pfb><c:/texlive/texmf-dist/fonts/type1/public/am
sfonts/cm/cmmi9.pfb><c:/texlive/texmf-dist/fonts/type1/public/amsfonts/cm/cmr10
.pfb><c:/texlive/texmf-dist/fonts/type1/public/amsfonts/cm/cmr6.pfb><c:/texlive
/texmf-dist/fonts/type1/public/amsfonts/cm/cmr8.pfb><c:/texlive/texmf-dist/font
s/type1/public/amsfonts/cm/cmr9.pfb><c:/texlive/texmf-dist/fonts/type1/public/a
msfonts/cm/cmsy10.pfb><c:/texlive/texmf-dist/fonts/type1/public/amsfonts/cm/cms
y8.pfb><c:/texlive/texmf-dist/fonts/type1/public/amsfonts/cm/cmsy9.pfb><c:/texl
ive/texmf-dist/fonts/type1/public/amsfonts/symbols/msam10.pfb><c:/texlive/texmf
-dist/fonts/type1/public/cm-super/sfbi1000.pfb><c:/texlive/texmf-dist/fonts/typ
e1/public/cm-super/sfbx0800.pfb><c:/texlive/texmf-dist/fonts/type1/public/cm-su
per/sfbx0900.pfb><c:/texlive/texmf-dist/fonts/type1/public/cm-super/sfbx1000.pf
b><c:/texlive/texmf-dist/fonts/type1/public/cm-super/sfbx1095.pfb><c:/texlive/t
exmf-dist/fonts/type1/public/cm-super/sfbx1200.pfb><c:/texlive/texmf-dist/fonts
/type1/public/cm-super/sfbx1440.pfb><c:/texlive/texmf-dist/fonts/type1/public/c
m-super/sfbx1728.pfb><c:/texlive/texmf-dist/fonts/type1/public/cm-super/sfrm060
0.pfb><c:/texlive/texmf-dist/fonts/type1/public/cm-super/sfrm0800.pfb><c:/texli
ve/texmf-dist/fonts/type1/public/cm-super/sfrm0900.pfb><c:/texlive/texmf-dist/f
onts/type1/public/cm-super/sfrm1000.pfb><c:/texlive/texmf-dist/fonts/type1/publ
ic/cm-super/sfrm1095.pfb><c:/texlive/texmf-dist/fonts/type1/public/cm-super/sfr
m1200.pfb><c:/texlive/texmf-dist/fonts/type1/public/cm-super/sfrm1728.pfb><c:/t
exlive/texmf-dist/fonts/type1/public/cm-super/sfti1095.pfb><c:/texlive/texmf-di
st/fonts/type1/public/cm-super/sfti1200.pfb><c:/texlive/texmf-dist/fonts/type1/
public/cm-super/sftt0900.pfb><c:/texlive/texmf-dist/fonts/type1/public/cm-super
/sftt1000.pfb><c:/texlive/texmf-dist/fonts/type1/public/cm-super/sftt1095.pfb><
c:/texlive/texmf-dist/fonts/type1/public/cm-super/sftt1200.pfb>
Output written on vbfc_paper_full.pdf (33 pages, 757401 bytes).
Transcript written on vbfc_paper_full.log.
