\BOOKMARK [1][]{section.1}{\376\377\0001\000\040\000I\000n\000t\000r\000o\000d\000u\000c\000t\000i\000o\000n}{}% 1
\BOOKMARK [1][]{section.2}{\376\377\0002\000\040\000B\000a\000c\000k\000g\000r\000o\000u\000n\000d\000\040\000a\000n\000d\000\040\000R\000e\000l\000a\000t\000e\000d\000\040\000W\000o\000r\000k}{}% 2
\BOOKMARK [2][-]{subsection.2.1}{\376\377\0002\000.\0001\000\040\000F\000i\000r\000m\000w\000a\000r\000e\000\040\000S\000e\000c\000u\000r\000i\000t\000y\000\040\000L\000a\000n\000d\000s\000c\000a\000p\000e}{section.2}% 3
\BOOKMARK [2][-]{subsection.2.2}{\376\377\0002\000.\0002\000\040\000S\000P\000I\000\040\000F\000l\000a\000s\000h\000\040\000a\000n\000d\000\040\000I\000n\000t\000e\000r\000p\000o\000s\000e\000r\000s}{section.2}% 4
\BOOKMARK [2][-]{subsection.2.3}{\376\377\0002\000.\0003\000\040\000P\000r\000o\000g\000r\000a\000m\000m\000a\000b\000l\000e\000\040\000I\000/\000O\000\040\000o\000n\000\040\000R\000P\0002\0000\0004\0000}{section.2}% 5
\BOOKMARK [1][]{section.3}{\376\377\0003\000\040\000T\000h\000r\000e\000a\000t\000\040\000M\000o\000d\000e\000l}{}% 6
\BOOKMARK [2][-]{subsection.3.1}{\376\377\0003\000.\0001\000\040\000S\000y\000s\000t\000e\000m\000\040\000A\000s\000s\000e\000t\000s}{section.3}% 7
\BOOKMARK [2][-]{subsection.3.2}{\376\377\0003\000.\0002\000\040\000A\000d\000v\000e\000r\000s\000a\000r\000y\000\040\000C\000a\000p\000a\000b\000i\000l\000i\000t\000i\000e\000s\000\040\000\050\000A\000\051}{section.3}% 8
\BOOKMARK [2][-]{subsection.3.3}{\376\377\0003\000.\0003\000\040\000A\000d\000v\000e\000r\000s\000a\000r\000y\000\040\000L\000i\000m\000i\000t\000a\000t\000i\000o\000n\000s}{section.3}% 9
\BOOKMARK [2][-]{subsection.3.4}{\376\377\0003\000.\0004\000\040\000S\000e\000c\000u\000r\000i\000t\000y\000\040\000G\000o\000a\000l\000s}{section.3}% 10
\BOOKMARK [2][-]{subsection.3.5}{\376\377\0003\000.\0005\000\040\000O\000u\000t\000\040\000o\000f\000\040\000S\000c\000o\000p\000e}{section.3}% 11
\BOOKMARK [1][]{section.4}{\376\377\0004\000\040\000S\000y\000s\000t\000e\000m\000\040\000A\000r\000c\000h\000i\000t\000e\000c\000t\000u\000r\000e}{}% 12
\BOOKMARK [2][-]{subsection.4.1}{\376\377\0004\000.\0001\000\040\000P\000h\000y\000s\000i\000c\000a\000l\000\040\000I\000n\000t\000e\000r\000p\000o\000s\000e\000r\000\040\000D\000e\000s\000i\000g\000n}{section.4}% 13
\BOOKMARK [2][-]{subsection.4.2}{\376\377\0004\000.\0002\000\040\000S\000h\000a\000d\000o\000w\000\040\000M\000a\000p\000:\000\040\000T\000r\000a\000n\000s\000p\000a\000r\000e\000n\000t\000\040\000R\000e\000g\000i\000o\000n\000\040\000R\000e\000m\000a\000p\000p\000i\000n\000g}{section.4}% 14
\BOOKMARK [2][-]{subsection.4.3}{\376\377\0004\000.\0003\000\040\000O\000p\000e\000r\000a\000t\000i\000o\000n\000a\000l\000\040\000M\000o\000d\000e\000s}{section.4}% 15
\BOOKMARK [1][]{section.5}{\376\377\0005\000\040\000S\000P\000I\000\040\000A\000r\000b\000i\000t\000e\000r\000\040\000D\000e\000s\000i\000g\000n}{}% 16
\BOOKMARK [2][-]{subsection.5.1}{\376\377\0005\000.\0001\000\040\000P\000I\000O\000\040\000S\000t\000a\000t\000e\000\040\000M\000a\000c\000h\000i\000n\000e\000\040\000A\000r\000c\000h\000i\000t\000e\000c\000t\000u\000r\000e}{section.5}% 17
\BOOKMARK [2][-]{subsection.5.2}{\376\377\0005\000.\0002\000\040\000T\000r\000a\000n\000s\000a\000c\000t\000i\000o\000n\000\040\000C\000l\000a\000s\000s\000i\000f\000i\000c\000a\000t\000i\000o\000n}{section.5}% 18
\BOOKMARK [2][-]{subsection.5.3}{\376\377\0005\000.\0003\000\040\000S\000h\000a\000d\000o\000w\000\040\000M\000a\000p\000\040\000L\000o\000o\000k\000u\000p\000\040\000a\000n\000d\000\040\000R\000e\000g\000i\000o\000n\000\040\000R\000e\000s\000o\000l\000u\000t\000i\000o\000n}{section.5}% 19
\BOOKMARK [2][-]{subsection.5.4}{\376\377\0005\000.\0004\000\040\000I\000n\000-\000F\000l\000i\000g\000h\000t\000\040\000B\000y\000t\000e\000\040\000P\000a\000t\000c\000h\000i\000n\000g\000\040\000E\000n\000g\000i\000n\000e}{section.5}% 20
\BOOKMARK [2][-]{subsection.5.5}{\376\377\0005\000.\0005\000\040\000T\000i\000m\000i\000n\000g\000\040\000A\000n\000a\000l\000y\000s\000i\000s}{section.5}% 21
\BOOKMARK [2][-]{subsection.5.6}{\376\377\0005\000.\0006\000\040\000P\000a\000s\000s\000i\000v\000e\000\040\000S\000P\000I\000\040\000S\000n\000i\000f\000f\000e\000r}{section.5}% 22
\BOOKMARK [1][]{section.6}{\376\377\0006\000\040\000S\000e\000c\000u\000r\000i\000t\000y\000\040\000A\000r\000c\000h\000i\000t\000e\000c\000t\000u\000r\000e}{}% 23
\BOOKMARK [2][-]{subsection.6.1}{\376\377\0006\000.\0001\000\040\000S\000i\000g\000n\000e\000d\000\040\000I\000m\000a\000g\000e\000\040\000H\000e\000a\000d\000e\000r\000\040\000F\000o\000r\000m\000a\000t}{section.6}% 24
\BOOKMARK [2][-]{subsection.6.2}{\376\377\0006\000.\0002\000\040\000P\000h\000a\000s\000e\000\040\000A\000:\000\040\000H\000M\000A\000C\000-\000S\000H\000A\0002\0005\0006\000\040\000\050\000D\000e\000p\000l\000o\000y\000e\000d\000\051}{section.6}% 25
\BOOKMARK [2][-]{subsection.6.3}{\376\377\0006\000.\0003\000\040\000P\000h\000a\000s\000e\000\040\000B\000:\000\040\000E\000C\000D\000S\000A\000-\000P\0002\0005\0006\000\040\000\050\000R\000e\000s\000e\000r\000v\000e\000d\000\051}{section.6}% 26
\BOOKMARK [2][-]{subsection.6.4}{\376\377\0006\000.\0004\000\040\000K\000e\000y\000\040\000M\000a\000n\000a\000g\000e\000m\000e\000n\000t\000\040\000a\000n\000d\000\040\000P\000r\000o\000v\000i\000s\000i\000o\000n\000i\000n\000g}{section.6}% 27
\BOOKMARK [2][-]{subsection.6.5}{\376\377\0006\000.\0005\000\040\000T\000h\000r\000e\000a\000t\000\040\000M\000i\000t\000i\000g\000a\000t\000i\000o\000n\000\040\000S\000u\000m\000m\000a\000r\000y}{section.6}% 28
\BOOKMARK [1][]{section.7}{\376\377\0007\000\040\000I\000m\000p\000l\000e\000m\000e\000n\000t\000a\000t\000i\000o\000n}{}% 29
\BOOKMARK [2][-]{subsection.7.1}{\376\377\0007\000.\0001\000\040\000R\000P\0002\0000\0004\0000\000\040\000F\000i\000r\000m\000w\000a\000r\000e}{section.7}% 30
\BOOKMARK [3][-]{subsubsection.7.1.1}{\376\377\0007\000.\0001\000.\0001\000\040\000P\000I\000O\000\040\000A\000s\000s\000e\000m\000b\000l\000y\000:\000\040\000S\000P\000I\000\040\000A\000r\000b\000i\000t\000e\000r}{subsection.7.1}% 31
\BOOKMARK [3][-]{subsubsection.7.1.2}{\376\377\0007\000.\0001\000.\0002\000\040\000C\000r\000y\000p\000t\000o\000g\000r\000a\000p\000h\000i\000c\000\040\000E\000n\000g\000i\000n\000e}{subsection.7.1}% 32
\BOOKMARK [2][-]{subsection.7.2}{\376\377\0007\000.\0002\000\040\000E\000x\000t\000e\000n\000s\000i\000o\000n\000\040\000F\000l\000a\000s\000h\000\040\000L\000a\000y\000o\000u\000t}{section.7}% 33
\BOOKMARK [2][-]{subsection.7.3}{\376\377\0007\000.\0003\000\040\000H\000o\000s\000t\000\040\000T\000o\000o\000l\000c\000h\000a\000i\000n\000:\000\040\000v\000b\000f\000c\000-\000h\000o\000s\000t}{section.7}% 34
\BOOKMARK [3][-]{subsubsection.7.3.1}{\376\377\0007\000.\0003\000.\0001\000\040\000I\000m\000a\000g\000e\000\040\000S\000i\000g\000n\000i\000n\000g\000\040\000W\000o\000r\000k\000f\000l\000o\000w}{subsection.7.3}% 35
\BOOKMARK [3][-]{subsubsection.7.3.2}{\376\377\0007\000.\0003\000.\0002\000\040\000P\000a\000t\000c\000h\000\040\000G\000e\000n\000e\000r\000a\000t\000i\000o\000n}{subsection.7.3}% 36
\BOOKMARK [2][-]{subsection.7.4}{\376\377\0007\000.\0004\000\040\000H\000a\000r\000d\000w\000a\000r\000e\000\040\000B\000i\000l\000l\000\040\000o\000f\000\040\000M\000a\000t\000e\000r\000i\000a\000l\000s}{section.7}% 37
\BOOKMARK [1][]{section.8}{\376\377\0008\000\040\000E\000v\000a\000l\000u\000a\000t\000i\000o\000n}{}% 38
\BOOKMARK [2][-]{subsection.8.1}{\376\377\0008\000.\0001\000\040\000E\000x\000p\000e\000r\000i\000m\000e\000n\000t\000a\000l\000\040\000S\000e\000t\000u\000p}{section.8}% 39
\BOOKMARK [2][-]{subsection.8.2}{\376\377\0008\000.\0002\000\040\000F\000u\000n\000c\000t\000i\000o\000n\000a\000l\000\040\000C\000o\000r\000r\000e\000c\000t\000n\000e\000s\000s}{section.8}% 40
\BOOKMARK [3][-]{subsubsection.8.2.1}{\376\377\0008\000.\0002\000.\0001\000\040\000U\000E\000F\000I\000\040\000F\000i\000r\000m\000w\000a\000r\000e\000\040\000P\000a\000t\000c\000h\000i\000n\000g}{subsection.8.2}% 41
\BOOKMARK [3][-]{subsubsection.8.2.2}{\376\377\0008\000.\0002\000.\0002\000\040\000M\000E\000\040\000R\000e\000g\000i\000o\000n\000\040\000N\000e\000u\000t\000r\000a\000l\000i\000z\000a\000t\000i\000o\000n}{subsection.8.2}% 42
\BOOKMARK [3][-]{subsubsection.8.2.3}{\376\377\0008\000.\0002\000.\0003\000\040\000C\000a\000p\000a\000c\000i\000t\000y\000\040\000E\000x\000t\000e\000n\000s\000i\000o\000n}{subsection.8.2}% 43
\BOOKMARK [2][-]{subsection.8.3}{\376\377\0008\000.\0003\000\040\000P\000e\000r\000f\000o\000r\000m\000a\000n\000c\000e\000\040\000E\000v\000a\000l\000u\000a\000t\000i\000o\000n}{section.8}% 44
\BOOKMARK [3][-]{subsubsection.8.3.1}{\376\377\0008\000.\0003\000.\0001\000\040\000B\000o\000o\000t\000\040\000T\000i\000m\000e\000\040\000O\000v\000e\000r\000h\000e\000a\000d}{subsection.8.3}% 45
\BOOKMARK [3][-]{subsubsection.8.3.2}{\376\377\0008\000.\0003\000.\0002\000\040\000S\000P\000I\000\040\000T\000r\000a\000n\000s\000a\000c\000t\000i\000o\000n\000\040\000L\000a\000t\000e\000n\000c\000y}{subsection.8.3}% 46
\BOOKMARK [3][-]{subsubsection.8.3.3}{\376\377\0008\000.\0003\000.\0003\000\040\000T\000h\000r\000o\000u\000g\000h\000p\000u\000t}{subsection.8.3}% 47
\BOOKMARK [2][-]{subsection.8.4}{\376\377\0008\000.\0004\000\040\000S\000e\000c\000u\000r\000i\000t\000y\000\040\000E\000v\000a\000l\000u\000a\000t\000i\000o\000n}{section.8}% 48
\BOOKMARK [3][-]{subsubsection.8.4.1}{\376\377\0008\000.\0004\000.\0001\000\040\000I\000m\000a\000g\000e\000\040\000R\000e\000j\000e\000c\000t\000i\000o\000n\000\040\000T\000e\000s\000t\000s}{subsection.8.4}% 49
\BOOKMARK [3][-]{subsubsection.8.4.2}{\376\377\0008\000.\0004\000.\0002\000\040\000S\000i\000d\000e\000-\000C\000h\000a\000n\000n\000e\000l\000\040\000R\000e\000s\000i\000s\000t\000a\000n\000c\000e}{subsection.8.4}% 50
\BOOKMARK [3][-]{subsubsection.8.4.3}{\376\377\0008\000.\0004\000.\0003\000\040\000G\000l\000i\000t\000c\000h\000\040\000R\000e\000s\000i\000s\000t\000a\000n\000c\000e}{subsection.8.4}% 51
\BOOKMARK [2][-]{subsection.8.5}{\376\377\0008\000.\0005\000\040\000U\000s\000a\000b\000i\000l\000i\000t\000y\000\040\000a\000n\000d\000\040\000D\000e\000v\000e\000l\000o\000p\000e\000r\000\040\000E\000x\000p\000e\000r\000i\000e\000n\000c\000e}{section.8}% 52
\BOOKMARK [1][]{section.9}{\376\377\0009\000\040\000D\000i\000s\000c\000u\000s\000s\000i\000o\000n\000\040\000a\000n\000d\000\040\000F\000u\000t\000u\000r\000e\000\040\000W\000o\000r\000k}{}% 53
\BOOKMARK [2][-]{subsection.9.1}{\376\377\0009\000.\0001\000\040\000L\000i\000m\000i\000t\000a\000t\000i\000o\000n\000s}{section.9}% 54
\BOOKMARK [3][-]{subsubsection.9.1.1}{\376\377\0009\000.\0001\000.\0001\000\040\000I\000n\000t\000e\000l\000\040\000B\000o\000o\000t\000\040\000G\000u\000a\000r\000d\000\040\000/\000\040\000A\000M\000D\000\040\000P\000l\000a\000t\000f\000o\000r\000m\000\040\000S\000e\000c\000u\000r\000e\000\040\000B\000o\000o\000t}{subsection.9.1}% 55
\BOOKMARK [3][-]{subsubsection.9.1.2}{\376\377\0009\000.\0001\000.\0002\000\040\000Q\000S\000P\000I\000\040\000/\000\040\000O\000c\000t\000a\000l\000-\000S\000P\000I\000\040\000S\000u\000p\000p\000o\000r\000t}{subsection.9.1}% 56
\BOOKMARK [3][-]{subsubsection.9.1.3}{\376\377\0009\000.\0001\000.\0003\000\040\000S\000i\000n\000g\000l\000e\000\040\000P\000o\000i\000n\000t\000\040\000o\000f\000\040\000F\000a\000i\000l\000u\000r\000e}{subsection.9.1}% 57
\BOOKMARK [3][-]{subsubsection.9.1.4}{\376\377\0009\000.\0001\000.\0004\000\040\000S\000i\000d\000e\000-\000C\000h\000a\000n\000n\000e\000l\000\040\000L\000e\000a\000k\000a\000g\000e}{subsection.9.1}% 58
\BOOKMARK [2][-]{subsection.9.2}{\376\377\0009\000.\0002\000\040\000F\000u\000t\000u\000r\000e\000\040\000W\000o\000r\000k}{section.9}% 59
\BOOKMARK [3][-]{subsubsection.9.2.1}{\376\377\0009\000.\0002\000.\0001\000\040\000F\000P\000G\000A\000-\000B\000a\000s\000e\000d\000\040\000A\000r\000b\000i\000t\000e\000r\000\040\000\050\000V\000B\000F\000C\000-\000F\000P\000G\000A\000\051}{subsection.9.2}% 60
\BOOKMARK [3][-]{subsubsection.9.2.2}{\376\377\0009\000.\0002\000.\0002\000\040\000A\000s\000y\000m\000m\000e\000t\000r\000i\000c\000\040\000K\000e\000y\000\040\000R\000o\000t\000a\000t\000i\000o\000n\000\040\000\050\000P\000h\000a\000s\000e\000\040\000B\000\051}{subsection.9.2}% 61
\BOOKMARK [3][-]{subsubsection.9.2.3}{\376\377\0009\000.\0002\000.\0003\000\040\000R\000e\000m\000o\000t\000e\000\040\000A\000t\000t\000e\000s\000t\000a\000t\000i\000o\000n}{subsection.9.2}% 62
\BOOKMARK [3][-]{subsubsection.9.2.4}{\376\377\0009\000.\0002\000.\0004\000\040\000A\000u\000t\000o\000m\000a\000t\000e\000d\000\040\000P\000a\000t\000c\000h\000\040\000D\000i\000s\000c\000o\000v\000e\000r\000y}{subsection.9.2}% 63
\BOOKMARK [3][-]{subsubsection.9.2.5}{\376\377\0009\000.\0002\000.\0005\000\040\000I\000n\000t\000e\000g\000r\000a\000t\000i\000o\000n\000\040\000w\000i\000t\000h\000\040\000F\000i\000r\000m\000w\000a\000r\000e\000\040\000T\000P\000M\000/\000M\000e\000a\000s\000u\000r\000e\000d\000\040\000B\000o\000o\000t}{subsection.9.2}% 64
\BOOKMARK [2][-]{subsection.9.3}{\376\377\0009\000.\0003\000\040\000E\000t\000h\000i\000c\000a\000l\000\040\000C\000o\000n\000s\000i\000d\000e\000r\000a\000t\000i\000o\000n\000s}{section.9}% 65
\BOOKMARK [1][]{section.10}{\376\377\0001\0000\000\040\000C\000o\000n\000c\000l\000u\000s\000i\000o\000n}{}% 66
\BOOKMARK [1][]{appendix.A}{\376\377\000A\000\040\000S\000i\000g\000n\000e\000d\000\040\000I\000m\000a\000g\000e\000\040\000H\000e\000a\000d\000e\000r\000\040\000F\000o\000r\000m\000a\000t\000\040\000\050\0002\0005\0006\000\040\000B\000y\000t\000e\000s\000\051}{}% 67
\BOOKMARK [1][]{appendix.B}{\376\377\000B\000\040\000S\000h\000a\000d\000o\000w\000\040\000M\000a\000p\000\040\000D\000a\000t\000a\000\040\000S\000t\000r\000u\000c\000t\000u\000r\000e}{}% 68
\BOOKMARK [2][-]{subsection.B.1}{\376\377\000B\000.\0001\000\040\000S\000h\000a\000d\000o\000w\000\040\000M\000a\000p\000\040\000H\000e\000a\000d\000e\000r\000\040\000\050\000E\000x\000t\000e\000n\000s\000i\000o\000n\000\040\000F\000l\000a\000s\000h\000\051}{appendix.B}% 69
\BOOKMARK [2][-]{subsection.B.2}{\376\377\000B\000.\0002\000\040\000S\000h\000a\000d\000o\000w\000\040\000M\000a\000p\000\040\000E\000n\000t\000r\000y\000\040\000\050\0001\0006\000\040\000b\000y\000t\000e\000s\000\051}{appendix.B}% 70
\BOOKMARK [2][-]{subsection.B.3}{\376\377\000B\000.\0003\000\040\000F\000l\000a\000g\000s\000\040\000F\000i\000e\000l\000d}{appendix.B}% 71
\BOOKMARK [2][-]{subsection.B.4}{\376\377\000B\000.\0004\000\040\000E\000x\000a\000m\000p\000l\000e\000\040\000S\000h\000a\000d\000o\000w\000\040\000M\000a\000p\000\040\000C\000o\000n\000f\000i\000g\000u\000r\000a\000t\000i\000o\000n}{appendix.B}% 72
\BOOKMARK [2][-]{subsection.B.5}{\376\377\000B\000.\0005\000\040\000S\000h\000a\000d\000o\000w\000\040\000M\000a\000p\000\040\000L\000o\000o\000k\000u\000p\000\040\000A\000l\000g\000o\000r\000i\000t\000h\000m}{appendix.B}% 73
\BOOKMARK [2][-]{subsection.B.6}{\376\377\000B\000.\0006\000\040\000A\000t\000o\000m\000i\000c\000\040\000S\000h\000a\000d\000o\000w\000\040\000M\000a\000p\000\040\000U\000p\000d\000a\000t\000e\000s}{appendix.B}% 74
\BOOKMARK [1][]{appendix.C}{\376\377\000C\000\040\000H\000o\000s\000t\000\040\000T\000o\000o\000l\000c\000h\000a\000i\000n\000\040\000A\000P\000I\000\040\000R\000e\000f\000e\000r\000e\000n\000c\000e}{}% 75
\BOOKMARK [2][-]{subsection.C.1}{\376\377\000C\000.\0001\000\040\000D\000e\000v\000i\000c\000e\000\040\000C\000o\000n\000n\000e\000c\000t\000i\000o\000n}{appendix.C}% 76
\BOOKMARK [2][-]{subsection.C.2}{\376\377\000C\000.\0002\000\040\000I\000m\000a\000g\000e\000\040\000S\000i\000g\000n\000i\000n\000g}{appendix.C}% 77
\BOOKMARK [2][-]{subsection.C.3}{\376\377\000C\000.\0003\000\040\000F\000l\000a\000s\000h\000\040\000O\000p\000e\000r\000a\000t\000i\000o\000n\000s}{appendix.C}% 78
\BOOKMARK [2][-]{subsection.C.4}{\376\377\000C\000.\0004\000\040\000S\000h\000a\000d\000o\000w\000\040\000M\000a\000p\000\040\000M\000a\000n\000a\000g\000e\000m\000e\000n\000t}{appendix.C}% 79
\BOOKMARK [2][-]{subsection.C.5}{\376\377\000C\000.\0005\000\040\000P\000a\000t\000c\000h\000\040\000T\000a\000b\000l\000e\000\040\000M\000a\000n\000a\000g\000e\000m\000e\000n\000t}{appendix.C}% 80
\BOOKMARK [2][-]{subsection.C.6}{\376\377\000C\000.\0006\000\040\000S\000P\000I\000\040\000S\000n\000i\000f\000f\000e\000r}{appendix.C}% 81
\BOOKMARK [2][-]{subsection.C.7}{\376\377\000C\000.\0007\000\040\000E\000r\000r\000o\000r\000\040\000H\000a\000n\000d\000l\000i\000n\000g}{appendix.C}% 82
\BOOKMARK [1][]{appendix.D}{\376\377\000D\000\040\000H\000a\000r\000d\000w\000a\000r\000e\000\040\000B\000i\000l\000l\000\040\000o\000f\000\040\000M\000a\000t\000e\000r\000i\000a\000l\000s\000\040\000a\000n\000d\000\040\000S\000c\000h\000e\000m\000a\000t\000i\000c\000s}{}% 83
\BOOKMARK [2][-]{subsection.D.1}{\376\377\000D\000.\0001\000\040\000C\000o\000m\000p\000l\000e\000t\000e\000\040\000B\000i\000l\000l\000\040\000o\000f\000\040\000M\000a\000t\000e\000r\000i\000a\000l\000s}{appendix.D}% 84
\BOOKMARK [2][-]{subsection.D.2}{\376\377\000D\000.\0002\000\040\000S\000c\000h\000e\000m\000a\000t\000i\000c\000\040\000O\000v\000e\000r\000v\000i\000e\000w}{appendix.D}% 85
\BOOKMARK [3][-]{subsubsection.D.2.1}{\376\377\000D\000.\0002\000.\0001\000\040\000S\000h\000e\000e\000t\000\040\0001\000:\000\040\000R\000P\0002\0000\0004\0000\000\040\000C\000o\000r\000e}{subsection.D.2}% 86
\BOOKMARK [3][-]{subsubsection.D.2.2}{\376\377\000D\000.\0002\000.\0002\000\040\000S\000h\000e\000e\000t\000\040\0002\000:\000\040\000S\000P\000I\000\040\000I\000n\000t\000e\000r\000p\000o\000s\000e\000r\000\040\000P\000a\000t\000h}{subsection.D.2}% 87
\BOOKMARK [3][-]{subsubsection.D.2.3}{\376\377\000D\000.\0002\000.\0003\000\040\000S\000h\000e\000e\000t\000\040\0003\000:\000\040\000E\000x\000t\000e\000n\000s\000i\000o\000n\000\040\000F\000l\000a\000s\000h\000\040\000\046\000\040\000E\000E\000P\000R\000O\000M}{subsection.D.2}% 88
\BOOKMARK [3][-]{subsubsection.D.2.4}{\376\377\000D\000.\0002\000.\0004\000\040\000S\000h\000e\000e\000t\000\040\0004\000:\000\040\000U\000S\000B\000-\000C\000\040\000\046\000\040\000P\000o\000w\000e\000r}{subsection.D.2}% 89
\BOOKMARK [2][-]{subsection.D.3}{\376\377\000D\000.\0003\000\040\000P\000C\000B\000\040\000L\000a\000y\000o\000u\000t\000\040\000C\000o\000n\000s\000t\000r\000a\000i\000n\000t\000s}{appendix.D}% 90
\BOOKMARK [2][-]{subsection.D.4}{\376\377\000D\000.\0004\000\040\000A\000s\000s\000e\000m\000b\000l\000y\000\040\000N\000o\000t\000e\000s}{appendix.D}% 91
\BOOKMARK [2][-]{subsection.D.5}{\376\377\000D\000.\0005\000\040\000D\000e\000s\000i\000g\000n\000\040\000F\000i\000l\000e\000s}{appendix.D}% 92
\BOOKMARK [1][]{appendix.E}{\376\377\000E\000\040\000R\000e\000a\000l\000\040\000H\000a\000r\000d\000w\000a\000r\000e\000\040\000T\000e\000s\000t\000\040\000P\000h\000a\000s\000e\000\040\040\024\000\040\000G\000i\000g\000a\000b\000y\000t\000e\000\040\000G\0004\0001\000\040\000M\000o\000t\000h\000e\000r\000b\000o\000a\000r\000d}{}% 93
\BOOKMARK [1][]{table.caption.55}{\376\377\000S\000i\000x\000\040\000C\000a\000s\000e\000\040\000S\000t\000u\000d\000i\000e\000s\000\040\000A\000d\000d\000e\000n\000d\000u\000m}{}% 94
\BOOKMARK [2][-]{subsection.J.1}{\376\377\000J\000.\0001\000\040\000C\000a\000s\000e\000\040\000S\000t\000u\000d\000y\000\040\0001\000:\000\040\000F\000P\000G\000A\000\040\000S\000P\000I\000\040\000A\000r\000b\000i\000t\000e\000r}{table.caption.55}% 95
\BOOKMARK [2][-]{subsection.J.2}{\376\377\000J\000.\0002\000\040\000C\000a\000s\000e\000\040\000S\000t\000u\000d\000y\000\040\0002\000:\000\040\000E\000C\000D\000S\000A\000\040\000K\000e\000y\000\040\000R\000o\000t\000a\000t\000i\000o\000n\000\040\000\050\000P\000h\000a\000s\000e\000\040\000B\000\051}{table.caption.55}% 96
\BOOKMARK [2][-]{subsection.J.3}{\376\377\000J\000.\0003\000\040\000C\000a\000s\000e\000\040\000S\000t\000u\000d\000y\000\040\0003\000:\000\040\000R\000e\000m\000o\000t\000e\000\040\000A\000t\000t\000e\000s\000t\000a\000t\000i\000o\000n}{table.caption.55}% 97
\BOOKMARK [2][-]{subsection.J.4}{\376\377\000J\000.\0004\000\040\000C\000a\000s\000e\000\040\000S\000t\000u\000d\000y\000\040\0004\000:\000\040\000A\000u\000t\000o\000m\000a\000t\000e\000d\000\040\000P\000a\000t\000c\000h\000\040\000D\000i\000s\000c\000o\000v\000e\000r\000y}{table.caption.55}% 98
\BOOKMARK [2][-]{subsection.J.5}{\376\377\000J\000.\0005\000\040\000C\000a\000s\000e\000\040\000S\000t\000u\000d\000y\000\040\0005\000:\000\040\000T\000P\000M\000/\000M\000e\000a\000s\000u\000r\000e\000d\000\040\000B\000o\000o\000t\000\040\000I\000n\000t\000e\000g\000r\000a\000t\000i\000o\000n}{table.caption.55}% 99
\BOOKMARK [2][-]{subsection.J.6}{\376\377\000J\000.\0006\000\040\000C\000a\000s\000e\000\040\000S\000t\000u\000d\000y\000\040\0006\000:\000\040\000R\000P\0002\0003\0005\0000\000\040\000R\000e\000v\000\040\0002\000\040\000H\000a\000r\000d\000w\000a\000r\000e\000\040\000S\000p\000e\000c}{table.caption.55}% 100
